nohup: ignoring input
/home/rishabh.mondal/Brick-Kilns-project/ijcai_2025_kilns/Foundation-Models/alphaearth/scripts/geocontrast_phase1_switchable.py:394: FutureWarning: `torch.cuda.amp.GradScaler(args...)` is deprecated. Please use `torch.amp.GradScaler('cuda', args...)` instead.
  scaler = torch.cuda.amp.GradScaler(enabled=not args.no_amp)
Train ep1/50:   0%|          | 0/99 [00:00<?, ?it/s]Train ep1/50:   0%|          | 0/99 [01:05<?, ?it/s]
Traceback (most recent call last):
  File "/home/rishabh.mondal/Brick-Kilns-project/ijcai_2025_kilns/Foundation-Models/alphaearth/scripts/geocontrast_phase1_switchable.py", line 480, in <module>
    train(args)
  File "/home/rishabh.mondal/Brick-Kilns-project/ijcai_2025_kilns/Foundation-Models/alphaearth/scripts/geocontrast_phase1_switchable.py", line 401, in train
    for x1, x2, aef, _, _ in pbar:
  File "/opt/anaconda3/envs/rishabh_sat/lib/python3.12/site-packages/tqdm/std.py", line 1181, in __iter__
    for obj in iterable:
  File "/opt/anaconda3/envs/rishabh_sat/lib/python3.12/site-packages/torch/utils/data/dataloader.py", line 708, in __next__
    data = self._next_data()
           ^^^^^^^^^^^^^^^^^
  File "/opt/anaconda3/envs/rishabh_sat/lib/python3.12/site-packages/torch/utils/data/dataloader.py", line 1480, in _next_data
    return self._process_data(data)
           ^^^^^^^^^^^^^^^^^^^^^^^^
  File "/opt/anaconda3/envs/rishabh_sat/lib/python3.12/site-packages/torch/utils/data/dataloader.py", line 1505, in _process_data
    data.reraise()
  File "/opt/anaconda3/envs/rishabh_sat/lib/python3.12/site-packages/torch/_utils.py", line 733, in reraise
    raise exception
RuntimeError: Caught RuntimeError in DataLoader worker process 0.
Original Traceback (most recent call last):
  File "/opt/anaconda3/envs/rishabh_sat/lib/python3.12/site-packages/torch/utils/data/_utils/worker.py", line 349, in _worker_loop
    data = fetcher.fetch(index)  # type: ignore[possibly-undefined]
           ^^^^^^^^^^^^^^^^^^^^
  File "/opt/anaconda3/envs/rishabh_sat/lib/python3.12/site-packages/torch/utils/data/_utils/fetch.py", line 55, in fetch
    return self.collate_fn(data)
           ^^^^^^^^^^^^^^^^^^^^^
  File "/opt/anaconda3/envs/rishabh_sat/lib/python3.12/site-packages/torch/utils/data/_utils/collate.py", line 398, in default_collate
    return collate(batch, collate_fn_map=default_collate_fn_map)
           ^^^^^^^^^^^^^^^^^^^^^^^^^^^^^^^^^^^^^^^^^^^^^^^^^^^^^
  File "/opt/anaconda3/envs/rishabh_sat/lib/python3.12/site-packages/torch/utils/data/_utils/collate.py", line 212, in collate
    collate(samples, collate_fn_map=collate_fn_map)
  File "/opt/anaconda3/envs/rishabh_sat/lib/python3.12/site-packages/torch/utils/data/_utils/collate.py", line 155, in collate
    return collate_fn_map[elem_type](batch, collate_fn_map=collate_fn_map)
           ^^^^^^^^^^^^^^^^^^^^^^^^^^^^^^^^^^^^^^^^^^^^^^^^^^^^^^^^^^^^^^^
  File "/opt/anaconda3/envs/rishabh_sat/lib/python3.12/site-packages/torch/utils/data/_utils/collate.py", line 271, in collate_tensor_fn
    out = elem.new(storage).resize_(len(batch), *list(elem.size()))
          ^^^^^^^^^^^^^^^^^^^^^^^^^^^^^^^^^^^^^^^^^^^^^^^^^^^^^^^^^
RuntimeError: Trying to resize storage that is not resizable

